GPU available: True (cuda), used: True
TPU available: False, using: 0 TPU cores
💡 Tip: For seamless cloud logging and experiment tracking, try installing [litlogger](https://pypi.org/project/litlogger/) to enable LitLogger, which logs metrics and artifacts automatically to the Lightning Experiments platform.
LOCAL_RANK: 0 - CUDA_VISIBLE_DEVICES: [0]

  | Name              | Type               | Params | Mode  | FLOPs
-------------------------------------------------------------------------
0 | model             | ResNet             | 11.2 M | train | 0    
1 | criterion         | CrossEntropyLoss   | 0      | train | 0    
2 | train_acc         | MulticlassAccuracy | 0      | train | 0    
3 | train_f1_macro    | MulticlassF1Score  | 0      | train | 0    
4 | train_f1_weighted | MulticlassF1Score  | 0      | train | 0    
5 | val_acc           | MulticlassAccuracy | 0      | train | 0    
6 | val_f1_macro      | MulticlassF1Score  | 0      | train | 0    
7 | val_f1_weighted   | MulticlassF1Score  | 0      | train | 0    
-------------------------------------------------------------------------
11.8 K    Trainable params
11.2 M    Non-trainable params
11.2 M    Total params
44.753    Total estimated model params size (MB)
75        Modules in train mode
0         Modules in eval mode
0         Total Flops
SLURM auto-requeueing enabled. Setting signal handlers.
/home/v/vmanousi/diplomatiki2/.venv/lib/python3.11/site-packages/pytorch_lightning/utilities/_pytree.py:21: `isinstance(treespec, LeafSpec)` is deprecated, use `isinstance(treespec, TreeSpec) and treespec.is_leaf()` instead.
`Trainer.fit` stopped: `max_epochs=1` reached.
GPU available: True (cuda), used: True
TPU available: False, using: 0 TPU cores
💡 Tip: For seamless cloud logging and experiment tracking, try installing [litlogger](https://pypi.org/project/litlogger/) to enable LitLogger, which logs metrics and artifacts automatically to the Lightning Experiments platform.
LOCAL_RANK: 0 - CUDA_VISIBLE_DEVICES: [0]

  | Name              | Type               | Params | Mode  | FLOPs
-------------------------------------------------------------------------
0 | model             | ResNet             | 11.2 M | train | 0    
1 | criterion         | CrossEntropyLoss   | 0      | train | 0    
2 | train_acc         | MulticlassAccuracy | 0      | train | 0    
3 | train_f1_macro    | MulticlassF1Score  | 0      | train | 0    
4 | train_f1_weighted | MulticlassF1Score  | 0      | train | 0    
5 | val_acc           | MulticlassAccuracy | 0      | train | 0    
6 | val_f1_macro      | MulticlassF1Score  | 0      | train | 0    
7 | val_f1_weighted   | MulticlassF1Score  | 0      | train | 0    
-------------------------------------------------------------------------
10.5 M    Trainable params
683 K     Non-trainable params
11.2 M    Total params
44.753    Total estimated model params size (MB)
75        Modules in train mode
0         Modules in eval mode
0         Total Flops
SLURM auto-requeueing enabled. Setting signal handlers.
/home/v/vmanousi/diplomatiki2/.venv/lib/python3.11/site-packages/pytorch_lightning/utilities/_pytree.py:21: `isinstance(treespec, LeafSpec)` is deprecated, use `isinstance(treespec, TreeSpec) and treespec.is_leaf()` instead.
Metric val_f1_macro improved. New best score: 0.765
Epoch 0, global step 94: 'val_f1_macro' reached 0.76511 (best 0.76511), saving model to '/home/v/vmanousi/Gastrohun_official/image_classification/output/smoke_test/resnet18/iter1/best-model-val_f1_macro.ckpt' as top 1
`Trainer.fit` stopped: `max_epochs=1` reached.
