Using cache found in /home/v/vmanousi/.cache/torch/hub/facebookresearch_dinov2_main
/home/v/vmanousi/.cache/torch/hub/facebookresearch_dinov2_main/dinov2/layers/swiglu_ffn.py:51: UserWarning: xFormers is not available (SwiGLU)
  warnings.warn("xFormers is not available (SwiGLU)")
/home/v/vmanousi/.cache/torch/hub/facebookresearch_dinov2_main/dinov2/layers/attention.py:33: UserWarning: xFormers is not available (Attention)
  warnings.warn("xFormers is not available (Attention)")
/home/v/vmanousi/.cache/torch/hub/facebookresearch_dinov2_main/dinov2/layers/block.py:40: UserWarning: xFormers is not available (Block)
  warnings.warn("xFormers is not available (Block)")
GPU available: True (cuda), used: True
TPU available: False, using: 0 TPU cores
💡 Tip: For seamless cloud logging and experiment tracking, try installing [litlogger](https://pypi.org/project/litlogger/) to enable LitLogger, which logs metrics and artifacts automatically to the Lightning Experiments platform.
LOCAL_RANK: 0 - CUDA_VISIBLE_DEVICES: [0]

  | Name              | Type               | Params | Mode  | FLOPs
-------------------------------------------------------------------------
0 | model             | DinoV2Classifier   | 1.1 B  | train | 0    
1 | criterion         | CrossEntropyLoss   | 0      | train | 0    
2 | train_acc         | MulticlassAccuracy | 0      | train | 0    
3 | train_f1_macro    | MulticlassF1Score  | 0      | train | 0    
4 | train_f1_weighted | MulticlassF1Score  | 0      | train | 0    
5 | val_acc           | MulticlassAccuracy | 0      | train | 0    
6 | val_f1_macro      | MulticlassF1Score  | 0      | train | 0    
7 | val_f1_weighted   | MulticlassF1Score  | 0      | train | 0    
-------------------------------------------------------------------------
35.4 K    Trainable params
1.1 B     Non-trainable params
1.1 B     Total params
4,546.064 Total estimated model params size (MB)
576       Modules in train mode
0         Modules in eval mode
0         Total Flops
SLURM auto-requeueing enabled. Setting signal handlers.
/home/v/vmanousi/diplomatiki2/.venv/lib/python3.11/site-packages/pytorch_lightning/utilities/_pytree.py:21: `isinstance(treespec, LeafSpec)` is deprecated, use `isinstance(treespec, TreeSpec) and treespec.is_leaf()` instead.
`Trainer.fit` stopped: `max_epochs=10` reached.
GPU available: True (cuda), used: True
TPU available: False, using: 0 TPU cores
💡 Tip: For seamless cloud logging and experiment tracking, try installing [litlogger](https://pypi.org/project/litlogger/) to enable LitLogger, which logs metrics and artifacts automatically to the Lightning Experiments platform.
LOCAL_RANK: 0 - CUDA_VISIBLE_DEVICES: [0]

  | Name              | Type               | Params | Mode  | FLOPs
-------------------------------------------------------------------------
0 | model             | DinoV2Classifier   | 1.1 B  | train | 0    
1 | criterion         | CrossEntropyLoss   | 0      | train | 0    
2 | train_acc         | MulticlassAccuracy | 0      | train | 0    
3 | train_f1_macro    | MulticlassF1Score  | 0      | train | 0    
4 | train_f1_weighted | MulticlassF1Score  | 0      | train | 0    
5 | val_acc           | MulticlassAccuracy | 0      | train | 0    
6 | val_f1_macro      | MulticlassF1Score  | 0      | train | 0    
7 | val_f1_weighted   | MulticlassF1Score  | 0      | train | 0    
-------------------------------------------------------------------------
455 M     Trainable params
680 M     Non-trainable params
1.1 B     Total params
4,546.064 Total estimated model params size (MB)
576       Modules in train mode
0         Modules in eval mode
0         Total Flops
SLURM auto-requeueing enabled. Setting signal handlers.
/home/v/vmanousi/diplomatiki2/.venv/lib/python3.11/site-packages/pytorch_lightning/utilities/_pytree.py:21: `isinstance(treespec, LeafSpec)` is deprecated, use `isinstance(treespec, TreeSpec) and treespec.is_leaf()` instead.
Metric val_f1_macro improved. New best score: 0.592
Epoch 0, global step 233: 'val_f1_macro' reached 0.59207 (best 0.59207), saving model to '/home/v/vmanousi/Gastrohun_official/image_classification/output/Complete_agreement_40/dinov2_vitg14/iter1/best-model-val_f1_macro.ckpt' as top 1
Epoch 1, global step 466: 'val_f1_macro' was not in top 1
Metric val_f1_macro improved by 0.050 >= min_delta = 0.0. New best score: 0.642
Epoch 2, global step 699: 'val_f1_macro' reached 0.64201 (best 0.64201), saving model to '/home/v/vmanousi/Gastrohun_official/image_classification/output/Complete_agreement_40/dinov2_vitg14/iter1/best-model-val_f1_macro.ckpt' as top 1
Metric val_f1_macro improved by 0.005 >= min_delta = 0.0. New best score: 0.647
Epoch 3, global step 932: 'val_f1_macro' reached 0.64743 (best 0.64743), saving model to '/home/v/vmanousi/Gastrohun_official/image_classification/output/Complete_agreement_40/dinov2_vitg14/iter1/best-model-val_f1_macro.ckpt' as top 1
Metric val_f1_macro improved by 0.070 >= min_delta = 0.0. New best score: 0.717
Epoch 4, global step 1165: 'val_f1_macro' reached 0.71731 (best 0.71731), saving model to '/home/v/vmanousi/Gastrohun_official/image_classification/output/Complete_agreement_40/dinov2_vitg14/iter1/best-model-val_f1_macro.ckpt' as top 1
Metric val_f1_macro improved by 0.051 >= min_delta = 0.0. New best score: 0.768
Epoch 5, global step 1398: 'val_f1_macro' reached 0.76836 (best 0.76836), saving model to '/home/v/vmanousi/Gastrohun_official/image_classification/output/Complete_agreement_40/dinov2_vitg14/iter1/best-model-val_f1_macro.ckpt' as top 1
Epoch 6, global step 1631: 'val_f1_macro' was not in top 1
Metric val_f1_macro improved by 0.023 >= min_delta = 0.0. New best score: 0.792
Epoch 7, global step 1864: 'val_f1_macro' reached 0.79153 (best 0.79153), saving model to '/home/v/vmanousi/Gastrohun_official/image_classification/output/Complete_agreement_40/dinov2_vitg14/iter1/best-model-val_f1_macro.ckpt' as top 1
Epoch 8, global step 2097: 'val_f1_macro' was not in top 1
Epoch 9, global step 2330: 'val_f1_macro' was not in top 1
Epoch 10, global step 2563: 'val_f1_macro' was not in top 1
Epoch 11, global step 2796: 'val_f1_macro' was not in top 1
Epoch 12, global step 3029: 'val_f1_macro' was not in top 1
Epoch 13, global step 3262: 'val_f1_macro' was not in top 1
Epoch 14, global step 3495: 'val_f1_macro' was not in top 1
Epoch 15, global step 3728: 'val_f1_macro' was not in top 1
Epoch 16, global step 3961: 'val_f1_macro' was not in top 1
Monitored metric val_f1_macro did not improve in the last 10 records. Best score: 0.792. Signaling Trainer to stop.
Epoch 17, global step 4194: 'val_f1_macro' was not in top 1
