Using cache found in /home/v/vmanousi/.cache/torch/hub/facebookresearch_dino_main
GPU available: True (cuda), used: True
TPU available: False, using: 0 TPU cores
💡 Tip: For seamless cloud logging and experiment tracking, try installing [litlogger](https://pypi.org/project/litlogger/) to enable LitLogger, which logs metrics and artifacts automatically to the Lightning Experiments platform.
LOCAL_RANK: 0 - CUDA_VISIBLE_DEVICES: [0]

  | Name              | Type               | Params | Mode  | FLOPs
-------------------------------------------------------------------------
0 | model             | DinoV2Classifier   | 85.8 M | train | 0    
1 | criterion         | CrossEntropyLoss   | 0      | train | 0    
2 | train_acc         | MulticlassAccuracy | 0      | train | 0    
3 | train_f1_macro    | MulticlassF1Score  | 0      | train | 0    
4 | train_f1_weighted | MulticlassF1Score  | 0      | train | 0    
5 | val_acc           | MulticlassAccuracy | 0      | train | 0    
6 | val_f1_macro      | MulticlassF1Score  | 0      | train | 0    
7 | val_f1_weighted   | MulticlassF1Score  | 0      | train | 0    
-------------------------------------------------------------------------
17.7 K    Trainable params
85.8 M    Non-trainable params
85.8 M    Total params
343.265   Total estimated model params size (MB)
184       Modules in train mode
0         Modules in eval mode
0         Total Flops
SLURM auto-requeueing enabled. Setting signal handlers.
/home/v/vmanousi/diplomatiki2/.venv/lib/python3.11/site-packages/pytorch_lightning/utilities/_pytree.py:21: `isinstance(treespec, LeafSpec)` is deprecated, use `isinstance(treespec, TreeSpec) and treespec.is_leaf()` instead.
`Trainer.fit` stopped: `max_epochs=10` reached.
GPU available: True (cuda), used: True
TPU available: False, using: 0 TPU cores
💡 Tip: For seamless cloud logging and experiment tracking, try installing [litlogger](https://pypi.org/project/litlogger/) to enable LitLogger, which logs metrics and artifacts automatically to the Lightning Experiments platform.
LOCAL_RANK: 0 - CUDA_VISIBLE_DEVICES: [0]

  | Name              | Type               | Params | Mode  | FLOPs
-------------------------------------------------------------------------
0 | model             | DinoV2Classifier   | 85.8 M | train | 0    
1 | criterion         | CrossEntropyLoss   | 0      | train | 0    
2 | train_acc         | MulticlassAccuracy | 0      | train | 0    
3 | train_f1_macro    | MulticlassF1Score  | 0      | train | 0    
4 | train_f1_weighted | MulticlassF1Score  | 0      | train | 0    
5 | val_acc           | MulticlassAccuracy | 0      | train | 0    
6 | val_f1_macro      | MulticlassF1Score  | 0      | train | 0    
7 | val_f1_weighted   | MulticlassF1Score  | 0      | train | 0    
-------------------------------------------------------------------------
35.6 M    Trainable params
50.2 M    Non-trainable params
85.8 M    Total params
343.265   Total estimated model params size (MB)
184       Modules in train mode
0         Modules in eval mode
0         Total Flops
SLURM auto-requeueing enabled. Setting signal handlers.
/home/v/vmanousi/diplomatiki2/.venv/lib/python3.11/site-packages/pytorch_lightning/utilities/_pytree.py:21: `isinstance(treespec, LeafSpec)` is deprecated, use `isinstance(treespec, TreeSpec) and treespec.is_leaf()` instead.
Metric val_f1_macro improved. New best score: 0.770
Epoch 0, global step 94: 'val_f1_macro' reached 0.76997 (best 0.76997), saving model to '/home/v/vmanousi/Gastrohun_official/image_classification/output/Complete_agreement_40/dino_vitb16/iter1/best-model-val_f1_macro.ckpt' as top 1
Epoch 1, global step 188: 'val_f1_macro' was not in top 1
Metric val_f1_macro improved by 0.000 >= min_delta = 0.0. New best score: 0.770
Epoch 2, global step 282: 'val_f1_macro' reached 0.77026 (best 0.77026), saving model to '/home/v/vmanousi/Gastrohun_official/image_classification/output/Complete_agreement_40/dino_vitb16/iter1/best-model-val_f1_macro.ckpt' as top 1
Epoch 3, global step 376: 'val_f1_macro' was not in top 1
Metric val_f1_macro improved by 0.019 >= min_delta = 0.0. New best score: 0.789
Epoch 4, global step 470: 'val_f1_macro' reached 0.78930 (best 0.78930), saving model to '/home/v/vmanousi/Gastrohun_official/image_classification/output/Complete_agreement_40/dino_vitb16/iter1/best-model-val_f1_macro.ckpt' as top 1
Metric val_f1_macro improved by 0.037 >= min_delta = 0.0. New best score: 0.826
Epoch 5, global step 564: 'val_f1_macro' reached 0.82645 (best 0.82645), saving model to '/home/v/vmanousi/Gastrohun_official/image_classification/output/Complete_agreement_40/dino_vitb16/iter1/best-model-val_f1_macro.ckpt' as top 1
Metric val_f1_macro improved by 0.024 >= min_delta = 0.0. New best score: 0.850
Epoch 6, global step 658: 'val_f1_macro' reached 0.84996 (best 0.84996), saving model to '/home/v/vmanousi/Gastrohun_official/image_classification/output/Complete_agreement_40/dino_vitb16/iter1/best-model-val_f1_macro.ckpt' as top 1
Epoch 7, global step 752: 'val_f1_macro' was not in top 1
Epoch 8, global step 846: 'val_f1_macro' was not in top 1
Epoch 9, global step 940: 'val_f1_macro' was not in top 1
Epoch 10, global step 1034: 'val_f1_macro' was not in top 1
Epoch 11, global step 1128: 'val_f1_macro' was not in top 1
Epoch 12, global step 1222: 'val_f1_macro' was not in top 1
Epoch 13, global step 1316: 'val_f1_macro' was not in top 1
Epoch 14, global step 1410: 'val_f1_macro' was not in top 1
Epoch 15, global step 1504: 'val_f1_macro' was not in top 1
Monitored metric val_f1_macro did not improve in the last 10 records. Best score: 0.850. Signaling Trainer to stop.
Epoch 16, global step 1598: 'val_f1_macro' was not in top 1
